C:/Users/PC/Desktop/32cmake/uart/Core/Src/main.c:66:13:UART_StartReceiveToIdleDMA	8	static
C:/Users/PC/Desktop/32cmake/uart/Core/Src/main.c:76:6:HAL_UARTEx_RxEventCallback	16	static
C:/Users/PC/Desktop/32cmake/uart/Core/Src/main.c:92:6:HAL_UART_TxCpltCallback	16	static
C:/Users/PC/Desktop/32cmake/uart/Core/Src/main.c:105:5:main	8	static
C:/Users/PC/Desktop/32cmake/uart/Core/Src/main.c:157:6:SystemClock_Config	88	static
C:/Users/PC/Desktop/32cmake/uart/Core/Src/main.c:204:13:MX_LPUART1_UART_Init	8	static
C:/Users/PC/Desktop/32cmake/uart/Core/Src/main.c:249:13:MX_DMA_Init	16	static
C:/Users/PC/Desktop/32cmake/uart/Core/Src/main.c:271:13:MX_GPIO_Init	16	static
C:/Users/PC/Desktop/32cmake/uart/Core/Src/main.c:289:5:__io_putchar	16	static
C:\Users\PC\AppData\Local\stm32cube\bundles\gnu-tools-for-stm32\14.3.1+st.2\bin\../lib/gcc/arm-none-eabi/14.3.1/../../../../arm-none-eabi/include/stdio.h:220:5:fputc	16	static
C:/Users/PC/Desktop/32cmake/uart/Core/Src/main.c:306:6:Error_Handler	4	static,ignoring_inline_asm
