C:/Users/PC/Desktop/32cmake/uart/Core/Src/main.c:61:6:HAL_UART_RxCpltCallback	16	static
C:/Users/PC/Desktop/32cmake/uart/Core/Src/main.c:72:5:main	8	static
C:/Users/PC/Desktop/32cmake/uart/Core/Src/main.c:144:6:SystemClock_Config	88	static
C:/Users/PC/Desktop/32cmake/uart/Core/Src/main.c:191:13:MX_LPUART1_UART_Init	8	static
C:/Users/PC/Desktop/32cmake/uart/Core/Src/main.c:238:13:MX_GPIO_Init	16	static
C:/Users/PC/Desktop/32cmake/uart/Core/Src/main.c:256:5:__io_putchar	16	static
C:\Users\PC\AppData\Local\stm32cube\bundles\gnu-tools-for-stm32\14.3.1+st.2\bin\../lib/gcc/arm-none-eabi/14.3.1/../../../../arm-none-eabi/include/stdio.h:220:5:fputc	16	static
C:/Users/PC/Desktop/32cmake/uart/Core/Src/main.c:273:6:Error_Handler	4	static,ignoring_inline_asm
